#-----------------------------------------------------------
# Vivado v2019.1 (64-bit)
# SW Build 2552052 on Fri May 24 14:49:42 MDT 2019
# IP Build 2548770 on Fri May 24 18:01:18 MDT 2019
# Start of session at: Mon May 23 10:22:44 2022
# Process ID: 58116
# Current directory: D:/CodeTry/CODExperiment/Lab6/project_1
# Command line: vivado.exe -gui_launcher_event rodinguilauncherevent67924 D:\CodeTry\CODExperiment\Lab6\project_1\project_1.xpr
# Log file: D:/CodeTry/CODExperiment/Lab6/project_1/vivado.log
# Journal file: D:/CodeTry/CODExperiment/Lab6/project_1\vivado.jou
#-----------------------------------------------------------
start_gui
open_project D:/CodeTry/CODExperiment/Lab6/project_1/project_1.xpr
update_compile_order -fileset sources_1
reset_run synth_1
launch_runs impl_1 -to_step write_bitstream -jobs 6
wait_on_run impl_1
launch_simulation
source test.tcl
open_hw
connect_hw_server
open_hw_target
set_property PROGRAM.FILE {D:/CodeTry/CODExperiment/Lab6/project_1/project_1.runs/impl_1/CPUDownload.bit} [get_hw_devices xc7a100t_0]
current_hw_device [get_hw_devices xc7a100t_0]
refresh_hw_device -update_hw_probes false [lindex [get_hw_devices xc7a100t_0] 0]
set_property PROBES.FILE {} [get_hw_devices xc7a100t_0]
set_property FULL_PROBES.FILE {} [get_hw_devices xc7a100t_0]
set_property PROGRAM.FILE {D:/CodeTry/CODExperiment/Lab6/project_1/project_1.runs/impl_1/CPUDownload.bit} [get_hw_devices xc7a100t_0]
program_hw_devices [get_hw_devices xc7a100t_0]
refresh_hw_device [lindex [get_hw_devices xc7a100t_0] 0]
set_property PROBES.FILE {} [get_hw_devices xc7a100t_0]
set_property FULL_PROBES.FILE {} [get_hw_devices xc7a100t_0]
set_property PROGRAM.FILE {D:/CodeTry/CODExperiment/Lab6/project_1/project_1.runs/impl_1/CPUDownload.bit} [get_hw_devices xc7a100t_0]
program_hw_devices [get_hw_devices xc7a100t_0]
refresh_hw_device [lindex [get_hw_devices xc7a100t_0] 0]
close_hw
close_sim
launch_simulation
source test.tcl
close_sim
launch_simulation
source test.tcl
reset_run synth_1
launch_runs impl_1 -to_step write_bitstream -jobs 6
wait_on_run impl_1
open_hw
connect_hw_server
open_hw_target
set_property PROGRAM.FILE {D:/CodeTry/CODExperiment/Lab6/project_1/project_1.runs/impl_1/CPUDownload.bit} [get_hw_devices xc7a100t_0]
current_hw_device [get_hw_devices xc7a100t_0]
refresh_hw_device -update_hw_probes false [lindex [get_hw_devices xc7a100t_0] 0]
set_property PROBES.FILE {} [get_hw_devices xc7a100t_0]
set_property FULL_PROBES.FILE {} [get_hw_devices xc7a100t_0]
set_property PROGRAM.FILE {D:/CodeTry/CODExperiment/Lab6/project_1/project_1.runs/impl_1/CPUDownload.bit} [get_hw_devices xc7a100t_0]
program_hw_devices [get_hw_devices xc7a100t_0]
refresh_hw_device [lindex [get_hw_devices xc7a100t_0] 0]
close_hw
save_wave_config {D:/CodeTry/CODExperiment/Lab6/project_1/sortTestWave.wcfg}
add_files -fileset sim_1 -norecurse D:/CodeTry/CODExperiment/Lab6/project_1/sortTestWave.wcfg
set_property xsim.view D:/CodeTry/CODExperiment/Lab6/project_1/sortTestWave.wcfg [get_filesets sim_1]
close_sim
launch_simulation
open_wave_config D:/CodeTry/CODExperiment/Lab6/project_1/sortTestWave.wcfg
source test.tcl
close_sim
launch_simulation
open_wave_config D:/CodeTry/CODExperiment/Lab6/project_1/sortTestWave.wcfg
source test.tcl
open_hw
connect_hw_server
open_hw_target
set_property PROGRAM.FILE {D:/CodeTry/CODExperiment/Lab6/project_1/project_1.runs/impl_1/CPUDownload.bit} [get_hw_devices xc7a100t_0]
current_hw_device [get_hw_devices xc7a100t_0]
refresh_hw_device -update_hw_probes false [lindex [get_hw_devices xc7a100t_0] 0]
set_property PROBES.FILE {} [get_hw_devices xc7a100t_0]
set_property FULL_PROBES.FILE {} [get_hw_devices xc7a100t_0]
set_property PROGRAM.FILE {D:/CodeTry/CODExperiment/Lab6/project_1/project_1.runs/impl_1/CPUDownload.bit} [get_hw_devices xc7a100t_0]
program_hw_devices [get_hw_devices xc7a100t_0]
refresh_hw_device [lindex [get_hw_devices xc7a100t_0] 0]
close_hw
close_sim
