#-----------------------------------------------------------
# Vivado v2019.1 (64-bit)
# SW Build 2552052 on Fri May 24 14:49:42 MDT 2019
# IP Build 2548770 on Fri May 24 18:01:18 MDT 2019
# Start of session at: Tue Apr 12 20:37:11 2022
# Process ID: 36392
# Current directory: D:/CodeTry/CODExperiment/Lab4/project_1
# Command line: vivado.exe -gui_launcher_event rodinguilauncherevent38460 D:\CodeTry\CODExperiment\Lab4\project_1\project_1.xpr
# Log file: D:/CodeTry/CODExperiment/Lab4/project_1/vivado.log
# Journal file: D:/CodeTry/CODExperiment/Lab4/project_1\vivado.jou
#-----------------------------------------------------------
start_gui
open_project D:/CodeTry/CODExperiment/Lab4/project_1/project_1.xpr
update_compile_order -fileset sources_1
file mkdir D:/CodeTry/CODExperiment/Lab4/project_1/project_1.srcs/sim_1/new
set_property SOURCE_SET sources_1 [get_filesets sim_1]
close [ open D:/CodeTry/CODExperiment/Lab4/project_1/project_1.srcs/sim_1/new/Sim.v w ]
add_files -fileset sim_1 D:/CodeTry/CODExperiment/Lab4/project_1/project_1.srcs/sim_1/new/Sim.v
update_compile_order -fileset sim_1
# Disabling source management mode.  This is to allow the top design properties to be set without GUI intervention.
set_property source_mgmt_mode None [current_project]
set_property top Sim [get_filesets sim_1]
set_property top_lib xil_defaultlib [get_filesets sim_1]
# Re-enabling previously disabled source management mode.
set_property source_mgmt_mode All [current_project]
update_compile_order -fileset sim_1
launch_simulation
source Sim.tcl
close_sim
launch_simulation
source Sim.tcl
close_sim
launch_simulation
source Sim.tcl
add_bp {D:/CodeTry/CODExperiment/Lab4/project_1/project_1.srcs/sim_1/new/Sim.v} 137
remove_bps -file {D:/CodeTry/CODExperiment/Lab4/project_1/project_1.srcs/sim_1/new/Sim.v} -line 137
close_sim
launch_simulation
source Sim.tcl
synth_design -rtl -name rtl_1
close_sim
launch_simulation
source Sim.tcl
close_sim
launch_simulation
source Sim.tcl
close_sim
launch_simulation
source Sim.tcl
close_sim
launch_simulation
source Sim.tcl
close_sim
launch_simulation
source Sim.tcl
close_sim
launch_simulation
source Sim.tcl
close_sim
launch_simulation
source Sim.tcl
close_sim
launch_simulation
source Sim.tcl
close_sim
launch_simulation
source Sim.tcl
close_sim
launch_simulation
source Sim.tcl
close_sim
launch_simulation
source Sim.tcl
close_sim
launch_simulation
source Sim.tcl
close_sim
launch_simulation
source Sim.tcl
close_sim
launch_simulation
source Sim.tcl
close_sim
launch_simulation
source Sim.tcl
close_sim
launch_simulation
source Sim.tcl
close_sim
launch_simulation
source Sim.tcl
close_sim
launch_simulation
source Sim.tcl
close_sim
launch_simulation
source Sim.tcl
close_sim
launch_simulation
source Sim.tcl
close_sim
launch_simulation
source Sim.tcl
reset_run synth_1
launch_runs impl_1 -to_step write_bitstream -jobs 6
wait_on_run impl_1
reset_run synth_1
launch_runs impl_1 -to_step write_bitstream -jobs 6
wait_on_run impl_1
open_hw
connect_hw_server
open_hw_target
set_property PROGRAM.FILE {D:/CodeTry/CODExperiment/Lab4/project_1/project_1.runs/impl_1/CPUDownload.bit} [get_hw_devices xc7a100t_0]
current_hw_device [get_hw_devices xc7a100t_0]
refresh_hw_device -update_hw_probes false [lindex [get_hw_devices xc7a100t_0] 0]
set_property PROBES.FILE {} [get_hw_devices xc7a100t_0]
set_property FULL_PROBES.FILE {} [get_hw_devices xc7a100t_0]
set_property PROGRAM.FILE {D:/CodeTry/CODExperiment/Lab4/project_1/project_1.runs/impl_1/CPUDownload.bit} [get_hw_devices xc7a100t_0]
program_hw_devices [get_hw_devices xc7a100t_0]
refresh_hw_device [lindex [get_hw_devices xc7a100t_0] 0]
set_property PROBES.FILE {} [get_hw_devices xc7a100t_0]
set_property FULL_PROBES.FILE {} [get_hw_devices xc7a100t_0]
set_property PROGRAM.FILE {D:/CodeTry/CODExperiment/Lab4/project_1/project_1.runs/impl_1/CPUDownload.bit} [get_hw_devices xc7a100t_0]
program_hw_devices [get_hw_devices xc7a100t_0]
refresh_hw_device [lindex [get_hw_devices xc7a100t_0] 0]
close_sim
