#-----------------------------------------------------------
# Vivado v2019.1 (64-bit)
# SW Build 2552052 on Fri May 24 14:49:42 MDT 2019
# IP Build 2548770 on Fri May 24 18:01:18 MDT 2019
# Start of session at: Sun Mar 20 22:09:23 2022
# Process ID: 38136
# Current directory: D:/Code Try/CODExperiment/Lab1/project_1
# Command line: vivado.exe -gui_launcher_event rodinguilauncherevent43764 D:\Code Try\CODExperiment\Lab1\project_1\project_1.xpr
# Log file: D:/Code Try/CODExperiment/Lab1/project_1/vivado.log
# Journal file: D:/Code Try/CODExperiment/Lab1/project_1\vivado.jou
#-----------------------------------------------------------
start_gui
open_project {D:/Code Try/CODExperiment/Lab1/project_1/project_1.xpr}
update_compile_order -fileset sources_1
add_files -norecurse {{D:/Code Try/CODExperiment/Lab1/ALU3_32bits.v}}
update_compile_order -fileset sources_1
# Disabling source management mode.  This is to allow the top design properties to be set without GUI intervention.
set_property source_mgmt_mode None [current_project]
set_property top alu3 [current_fileset]
# Re-enabling previously disabled source management mode.
set_property source_mgmt_mode All [current_project]
update_compile_order -fileset sources_1
reset_run synth_1
launch_runs impl_1 -to_step write_bitstream -jobs 9
wait_on_run impl_1
open_hw
connect_hw_server
open_hw_target
set_property PROGRAM.FILE {D:/Code Try/CODExperiment/Lab1/project_1/project_1.runs/impl_1/alu3.bit} [get_hw_devices xc7a100t_0]
current_hw_device [get_hw_devices xc7a100t_0]
refresh_hw_device -update_hw_probes false [lindex [get_hw_devices xc7a100t_0] 0]
set_property PROBES.FILE {} [get_hw_devices xc7a100t_0]
set_property FULL_PROBES.FILE {} [get_hw_devices xc7a100t_0]
set_property PROGRAM.FILE {D:/Code Try/CODExperiment/Lab1/project_1/project_1.runs/impl_1/alu3.bit} [get_hw_devices xc7a100t_0]
program_hw_devices [get_hw_devices xc7a100t_0]
refresh_hw_device [lindex [get_hw_devices xc7a100t_0] 0]
