#-----------------------------------------------------------
# Vivado v2019.1 (64-bit)
# SW Build 2552052 on Fri May 24 14:49:42 MDT 2019
# IP Build 2548770 on Fri May 24 18:01:18 MDT 2019
# Start of session at: Mon Mar 28 19:51:20 2022
# Process ID: 59188
# Current directory: D:/Code Try/CODExperiment/Lab2/project_1
# Command line: vivado.exe -gui_launcher_event rodinguilauncherevent59380 D:\Code Try\CODExperiment\Lab2\project_1\project_1.xpr
# Log file: D:/Code Try/CODExperiment/Lab2/project_1/vivado.log
# Journal file: D:/Code Try/CODExperiment/Lab2/project_1\vivado.jou
#-----------------------------------------------------------
start_gui
open_project {D:/Code Try/CODExperiment/Lab2/project_1/project_1.xpr}
update_compile_order -fileset sources_1
launch_simulation
source sortSim.tcl
close_sim
launch_simulation
source sortSim.tcl
close_sim
launch_simulation
source sortSim.tcl
close_sim
launch_simulation
source sortSim.tcl
add_bp {D:/Code Try/CODExperiment/Lab2/sort.v} 76
remove_bps -file {D:/Code Try/CODExperiment/Lab2/sort.v} -line 76
add_bp {D:/Code Try/CODExperiment/Lab2/sort.v} 76
remove_bps -file {D:/Code Try/CODExperiment/Lab2/sort.v} -line 76
run all
run all
run 10 ps
run 10 ps
run 10 ps
run 10 ns
run 10 ns
reset_run synth_1
launch_runs impl_1 -to_step write_bitstream -jobs 6
wait_on_run impl_1
close_sim
launch_simulation
source sortSim.tcl
reset_run synth_1
launch_runs impl_1 -to_step write_bitstream -jobs 6
wait_on_run impl_1
close_sim
reset_run synth_1
launch_runs impl_1 -to_step write_bitstream -jobs 6
wait_on_run impl_1
reset_run synth_1
launch_runs impl_1 -to_step write_bitstream -jobs 6
wait_on_run impl_1
