#-----------------------------------------------------------
# Vivado v2019.1 (64-bit)
# SW Build 2552052 on Fri May 24 14:49:42 MDT 2019
# IP Build 2548770 on Fri May 24 18:01:18 MDT 2019
# Start of session at: Mon Mar 28 22:42:17 2022
# Process ID: 56428
# Current directory: D:/Code Try/CODExperiment/Lab2/project_1
# Command line: vivado.exe -gui_launcher_event rodinguilauncherevent52596 D:\Code Try\CODExperiment\Lab2\project_1\project_1.xpr
# Log file: D:/Code Try/CODExperiment/Lab2/project_1/vivado.log
# Journal file: D:/Code Try/CODExperiment/Lab2/project_1\vivado.jou
#-----------------------------------------------------------
start_gui
open_project {D:/Code Try/CODExperiment/Lab2/project_1/project_1.xpr}
update_compile_order -fileset sources_1
update_compile_order -fileset sim_1
set_property SOURCE_SET sources_1 [get_filesets sim_1]
close [ open {D:/Code Try/CODExperiment/Lab2/project_1/project_1.srcs/sim_1/new/asd.v} w ]
add_files -fileset sim_1 {{D:/Code Try/CODExperiment/Lab2/project_1/project_1.srcs/sim_1/new/asd.v}}
update_compile_order -fileset sim_1
# Disabling source management mode.  This is to allow the top design properties to be set without GUI intervention.
set_property source_mgmt_mode None [current_project]
set_property top asd [get_filesets sim_1]
set_property top_lib xil_defaultlib [get_filesets sim_1]
# Re-enabling previously disabled source management mode.
set_property source_mgmt_mode All [current_project]
update_compile_order -fileset sim_1
launch_simulation
launch_simulation
source asd.tcl
close_sim
launch_simulation
source asd.tcl
close_sim
launch_simulation
source asd.tcl
reset_run synth_1
launch_runs impl_1 -to_step write_bitstream -jobs 6
wait_on_run impl_1
open_hw
connect_hw_server
open_hw_target
set_property PROGRAM.FILE {D:/Code Try/CODExperiment/Lab2/project_1/project_1.runs/impl_1/sortDownload.bit} [get_hw_devices xc7a100t_0]
current_hw_device [get_hw_devices xc7a100t_0]
refresh_hw_device -update_hw_probes false [lindex [get_hw_devices xc7a100t_0] 0]
set_property PROBES.FILE {} [get_hw_devices xc7a100t_0]
set_property FULL_PROBES.FILE {} [get_hw_devices xc7a100t_0]
set_property PROGRAM.FILE {D:/Code Try/CODExperiment/Lab2/project_1/project_1.runs/impl_1/sortDownload.bit} [get_hw_devices xc7a100t_0]
program_hw_devices [get_hw_devices xc7a100t_0]
refresh_hw_device [lindex [get_hw_devices xc7a100t_0] 0]
reset_run synth_1
launch_runs impl_1 -to_step write_bitstream -jobs 6
wait_on_run impl_1
close_hw
open_hw
connect_hw_server
open_hw_target
set_property PROGRAM.FILE {D:/Code Try/CODExperiment/Lab2/project_1/project_1.runs/impl_1/sortDownload.bit} [get_hw_devices xc7a100t_0]
current_hw_device [get_hw_devices xc7a100t_0]
refresh_hw_device -update_hw_probes false [lindex [get_hw_devices xc7a100t_0] 0]
set_property PROBES.FILE {} [get_hw_devices xc7a100t_0]
set_property FULL_PROBES.FILE {} [get_hw_devices xc7a100t_0]
set_property PROGRAM.FILE {D:/Code Try/CODExperiment/Lab2/project_1/project_1.runs/impl_1/sortDownload.bit} [get_hw_devices xc7a100t_0]
program_hw_devices [get_hw_devices xc7a100t_0]
refresh_hw_device [lindex [get_hw_devices xc7a100t_0] 0]
close_sim
launch_simulation
source asd.tcl
close_sim
launch_simulation
source asd.tcl
close_sim
launch_simulation
source asd.tcl
close_sim
close_project
open_project {D:/Code Try/CODExperiment/Lab2/project_1/project_1.xpr}
update_compile_order -fileset sources_1
generate_target Simulation [get_files {D:/Code Try/CODExperiment/Lab2/project_1/project_1.srcs/sources_1/ip/dist_mem_256_16/dist_mem_256_16.xci}]
export_ip_user_files -of_objects [get_files {D:/Code Try/CODExperiment/Lab2/project_1/project_1.srcs/sources_1/ip/dist_mem_256_16/dist_mem_256_16.xci}] -no_script -sync -force -quiet
export_simulation -of_objects [get_files {{D:/Code Try/CODExperiment/Lab2/project_1/project_1.srcs/sources_1/ip/dist_mem_256_16/dist_mem_256_16.xci}}] -directory {D:/Code Try/CODExperiment/Lab2/project_1/project_1.ip_user_files/sim_scripts} -ip_user_files_dir {D:/Code Try/CODExperiment/Lab2/project_1/project_1.ip_user_files} -ipstatic_source_dir {D:/Code Try/CODExperiment/Lab2/project_1/project_1.ip_user_files/ipstatic} -lib_map_path [list {modelsim=D:/Code Try/CODExperiment/Lab2/project_1/project_1.cache/compile_simlib/modelsim} {questa=D:/Code Try/CODExperiment/Lab2/project_1/project_1.cache/compile_simlib/questa} {riviera=D:/Code Try/CODExperiment/Lab2/project_1/project_1.cache/compile_simlib/riviera} {activehdl=D:/Code Try/CODExperiment/Lab2/project_1/project_1.cache/compile_simlib/activehdl}] -use_ip_compiled_libs -force -quiet
launch_simulation
source asd.tcl
create_ip -name dist_mem_gen -vendor xilinx.com -library ip -version 8.0 -module_name dist_mem_gen_0 -dir {d:/Code Try/CODExperiment/Lab2/project_1/project_1.srcs/sources_1/ip}
set_property -dict [list CONFIG.coefficient_file {D:/Code Try/CODExperiment/Lab2/DistMemCoe.coe}] [get_ips dist_mem_gen_0]
generate_target {instantiation_template} [get_files {{d:/Code Try/CODExperiment/Lab2/project_1/project_1.srcs/sources_1/ip/dist_mem_gen_0/dist_mem_gen_0.xci}}]
generate_target all [get_files  {{d:/Code Try/CODExperiment/Lab2/project_1/project_1.srcs/sources_1/ip/dist_mem_gen_0/dist_mem_gen_0.xci}}]
catch { config_ip_cache -export [get_ips -all dist_mem_gen_0] }
export_ip_user_files -of_objects [get_files {{d:/Code Try/CODExperiment/Lab2/project_1/project_1.srcs/sources_1/ip/dist_mem_gen_0/dist_mem_gen_0.xci}}] -no_script -sync -force -quiet
create_ip_run [get_files -of_objects [get_fileset sources_1] {{d:/Code Try/CODExperiment/Lab2/project_1/project_1.srcs/sources_1/ip/dist_mem_gen_0/dist_mem_gen_0.xci}}]
launch_runs -jobs 6 dist_mem_gen_0_synth_1
export_simulation -of_objects [get_files {{d:/Code Try/CODExperiment/Lab2/project_1/project_1.srcs/sources_1/ip/dist_mem_gen_0/dist_mem_gen_0.xci}}] -directory {D:/Code Try/CODExperiment/Lab2/project_1/project_1.ip_user_files/sim_scripts} -ip_user_files_dir {D:/Code Try/CODExperiment/Lab2/project_1/project_1.ip_user_files} -ipstatic_source_dir {D:/Code Try/CODExperiment/Lab2/project_1/project_1.ip_user_files/ipstatic} -lib_map_path [list {modelsim=D:/Code Try/CODExperiment/Lab2/project_1/project_1.cache/compile_simlib/modelsim} {questa=D:/Code Try/CODExperiment/Lab2/project_1/project_1.cache/compile_simlib/questa} {riviera=D:/Code Try/CODExperiment/Lab2/project_1/project_1.cache/compile_simlib/riviera} {activehdl=D:/Code Try/CODExperiment/Lab2/project_1/project_1.cache/compile_simlib/activehdl}] -use_ip_compiled_libs -force -quiet
close_sim
launch_simulation
source asd.tcl
close_sim
launch_simulation
source asd.tcl
close_sim
launch_simulation
source asd.tcl
close_sim
launch_simulation
source asd.tcl
close_sim
launch_simulation
source asd.tcl
reset_run synth_1
reset_run dist_mem_256_16_synth_1
launch_runs impl_1 -to_step write_bitstream -jobs 6
wait_on_run impl_1
